
Discarded input sections

 .group         0x0000000000000000        0xc build/src/prince.o
 .group         0x0000000000000000        0xc build/src/prince.o
 .group         0x0000000000000000        0xc build/src/prince.o
 .group         0x0000000000000000        0xc build/src/prince.o
 .group         0x0000000000000000        0xc build/src/prince.o
 .group         0x0000000000000000        0xc build/src/prince.o
 .group         0x0000000000000000        0xc build/src/prince.o
 .group         0x0000000000000000        0xc build/src/prince.o
 .group         0x0000000000000000        0xc build/src/prince.o
 .group         0x0000000000000000        0xc build/src/prince.o
 .group         0x0000000000000000        0xc build/src/prince.o
 .group         0x0000000000000000        0xc build/src/briey_main.o
 .group         0x0000000000000000        0xc build/src/briey_main.o
 .group         0x0000000000000000        0xc build/src/briey_main.o
 .group         0x0000000000000000        0xc build/src/briey_main.o
 .group         0x0000000000000000        0xc build/src/briey_main.o
 .group         0x0000000000000000        0xc build/src/briey_main.o
 .group         0x0000000000000000        0xc build/src/briey_main.o
 .group         0x0000000000000000        0xc build/src/briey_main.o
 .group         0x0000000000000000        0xc build/src/briey_main.o
 .group         0x0000000000000000        0xc build/src/briey_main.o
 .group         0x0000000000000000        0xc build/src/briey_main.o
 .group         0x0000000000000000        0xc build/src/briey_main.o
 .group         0x0000000000000000        0xc build/src/briey_main.o
 .group         0x0000000000000000        0xc build/src/briey_main.o
 .group         0x0000000000000000        0xc build/src/briey_main.o
 .group         0x0000000000000000        0xc build/src/briey_main.o
 .group         0x0000000000000000        0xc build/src/briey_main.o
 .group         0x0000000000000000        0xc build/src/briey_main.o
 .group         0x0000000000000000        0xc build/src/briey_main.o
 .group         0x0000000000000000        0xc build/src/briey_main.o
 .group         0x0000000000000000        0xc build/src/briey_main.o
 .group         0x0000000000000000        0xc build/src/briey_main.o
 .group         0x0000000000000000        0xc build/src/briey_main.o
 .group         0x0000000000000000        0xc build/src/briey_main.o
 .group         0x0000000000000000        0xc build/src/briey_main.o
 .group         0x0000000000000000        0xc build/src/briey_main.o
 .group         0x0000000000000000        0xc build/src/briey_main.o
 .group         0x0000000000000000        0xc build/src/briey_main.o
 .group         0x0000000000000000        0xc build/src/briey_main.o
 .group         0x0000000000000000        0xc build/src/briey_main.o
 .group         0x0000000000000000        0xc build/src/briey_main.o
 .group         0x0000000000000000        0xc build/src/briey_main.o
 .group         0x0000000000000000        0xc build/src/briey_main.o
 .group         0x0000000000000000        0xc build/src/briey_main.o
 .group         0x0000000000000000        0xc build/src/briey_main.o
 .group         0x0000000000000000        0xc build/src/briey_main.o
 .group         0x0000000000000000        0xc build/src/briey_main.o
 .group         0x0000000000000000        0xc build/src/briey_main.o
 .group         0x0000000000000000        0xc build/src/briey_main.o
 .group         0x0000000000000000        0xc build/src/briey_main.o
 .group         0x0000000000000000        0xc build/src/briey_main.o
 .debug_macro   0x0000000000000000      0x766 build/src/briey_main.o
 .debug_macro   0x0000000000000000       0x22 build/src/briey_main.o
 .debug_macro   0x0000000000000000       0x6a build/src/briey_main.o
 .debug_macro   0x0000000000000000      0x103 build/src/briey_main.o
 .debug_macro   0x0000000000000000      0x1df build/src/briey_main.o
 .debug_macro   0x0000000000000000       0x3a build/src/briey_main.o
 .debug_macro   0x0000000000000000       0x6a build/src/briey_main.o
 .debug_macro   0x0000000000000000       0x34 build/src/briey_main.o
 .debug_macro   0x0000000000000000       0x5e build/src/briey_main.o
 .group         0x0000000000000000        0xc build/src/present.o
 .group         0x0000000000000000        0xc build/src/present.o
 .group         0x0000000000000000        0xc build/src/present.o
 .group         0x0000000000000000        0xc build/src/present.o
 .group         0x0000000000000000        0xc build/src/present.o
 .group         0x0000000000000000        0xc build/src/present.o
 .group         0x0000000000000000        0xc build/src/present.o
 .group         0x0000000000000000        0xc build/src/present.o
 .group         0x0000000000000000        0xc build/src/present.o
 .group         0x0000000000000000        0xc build/src/present.o
 .group         0x0000000000000000        0xc build/src/present.o
 .debug_macro   0x0000000000000000      0x766 build/src/present.o
 .debug_macro   0x0000000000000000       0x22 build/src/present.o
 .debug_macro   0x0000000000000000       0x8e build/src/present.o
 .debug_macro   0x0000000000000000       0x51 build/src/present.o
 .debug_macro   0x0000000000000000      0x103 build/src/present.o
 .debug_macro   0x0000000000000000       0x6a build/src/present.o
 .debug_macro   0x0000000000000000      0x1df build/src/present.o
 .debug_macro   0x0000000000000000       0x6a build/src/present.o
 .debug_macro   0x0000000000000000       0x34 build/src/present.o
 .debug_macro   0x0000000000000000       0x5e build/src/present.o
 .group         0x0000000000000000        0xc build/src/aes.o
 .group         0x0000000000000000        0xc build/src/aes.o
 .group         0x0000000000000000        0xc build/src/aes.o
 .group         0x0000000000000000        0xc build/src/aes.o
 .group         0x0000000000000000        0xc build/src/aes.o
 .group         0x0000000000000000        0xc build/src/aes.o
 .group         0x0000000000000000        0xc build/src/aes.o
 .group         0x0000000000000000        0xc build/src/aes.o
 .group         0x0000000000000000        0xc build/src/aes.o
 .group         0x0000000000000000        0xc build/src/aes.o
 .group         0x0000000000000000        0xc build/src/aes.o
 .debug_macro   0x0000000000000000      0x766 build/src/aes.o
 .debug_macro   0x0000000000000000       0x22 build/src/aes.o
 .debug_macro   0x0000000000000000       0x8e build/src/aes.o
 .debug_macro   0x0000000000000000       0x51 build/src/aes.o
 .debug_macro   0x0000000000000000      0x103 build/src/aes.o
 .debug_macro   0x0000000000000000       0x6a build/src/aes.o
 .debug_macro   0x0000000000000000      0x1df build/src/aes.o
 .debug_macro   0x0000000000000000       0x3a build/src/aes.o
 .debug_macro   0x0000000000000000       0x6a build/src/aes.o
 .debug_macro   0x0000000000000000       0x34 build/src/aes.o
 .debug_macro   0x0000000000000000       0x5e build/src/aes.o
 .group         0x0000000000000000        0xc build/src/print_functions.o
 .group         0x0000000000000000        0xc build/src/print_functions.o
 .group         0x0000000000000000        0xc build/src/print_functions.o
 .group         0x0000000000000000        0xc build/src/print_functions.o
 .group         0x0000000000000000        0xc build/src/print_functions.o
 .group         0x0000000000000000        0xc build/src/print_functions.o
 .group         0x0000000000000000        0xc build/src/print_functions.o
 .group         0x0000000000000000        0xc build/src/print_functions.o
 .group         0x0000000000000000        0xc build/src/print_functions.o
 .group         0x0000000000000000        0xc build/src/print_functions.o
 .group         0x0000000000000000        0xc build/src/print_functions.o
 .debug_macro   0x0000000000000000      0x766 build/src/print_functions.o
 .debug_macro   0x0000000000000000       0x22 build/src/print_functions.o
 .debug_macro   0x0000000000000000       0x8e build/src/print_functions.o
 .debug_macro   0x0000000000000000       0x51 build/src/print_functions.o
 .debug_macro   0x0000000000000000      0x103 build/src/print_functions.o
 .debug_macro   0x0000000000000000       0x6a build/src/print_functions.o
 .debug_macro   0x0000000000000000      0x1df build/src/print_functions.o
 .debug_macro   0x0000000000000000       0x6a build/src/print_functions.o
 .debug_macro   0x0000000000000000       0x6a build/src/print_functions.o
 .debug_macro   0x0000000000000000       0x34 build/src/print_functions.o
 .debug_macro   0x0000000000000000       0x5e build/src/print_functions.o

Memory Configuration

Name             Origin             Length             Attributes
onChipRam        0x0000000080000000 0x0000000000001000 w !xr
sdram            0x0000000040000000 0x0000000004000000 w !xr
*default*        0x0000000000000000 0xffffffffffffffff

Linker script and memory map

LOAD build/src/prince.o
LOAD build/src/briey_main.o
LOAD build/src/present.o
LOAD build/src/aes.o
LOAD build/src/print_functions.o
LOAD build/src/briey_crt.o
LOAD /opt/riscv/bin/../lib/gcc/riscv64-unknown-elf/10.2.0/libgcc.a
                0x0000000000000800                _stack_size = 0x800
                0x0000000000000000                _heap_size = 0x0

.vector         0x0000000080000000      0x13c
 *crt.o(.text)
 .text          0x0000000080000000      0x13c build/src/briey_crt.o
                0x0000000080000000                crtStart
                0x0000000080000020                trap_entry

.memory         0x0000000040000000     0x2248
 *(.text)
 .text          0x0000000040000000      0x470 build/src/prince.o
                0x000000004000023c                prince_write
                0x0000000040000298                prince_read
                0x00000000400002f0                prince_cipher
 .text          0x0000000040000470      0x9f8 build/src/briey_main.o
                0x00000000400006ac                main
                0x0000000040000e4c                irqCallback
 .text          0x0000000040000e68      0x4b4 build/src/present.o
                0x00000000400010a4                present_write
                0x0000000040001120                present_read
                0x000000004000119c                present_cipher
 .text          0x000000004000131c      0x814 build/src/aes.o
                0x0000000040001558                aes_write
                0x00000000400015c8                aes_read
                0x0000000040001634                aes_128_cipher
                0x0000000040001898                aes_256_cipher
 .text          0x0000000040001b30      0x718 build/src/print_functions.o
                0x0000000040001d6c                print
                0x0000000040001dc4                print16bit
                0x0000000040001ecc                print32bit
                0x0000000040001fd4                print64bit
                0x0000000040002044                print128bit
                0x00000000400020dc                print80bit
                0x0000000040002160                print256bit
                0x0000000040002248                end = .

.rodata         0x0000000040002248      0xb87
 *(.rdata)
 *(.rodata .rodata.*)
 .rodata        0x0000000040002248      0x14b build/src/prince.o
 *fill*         0x0000000040002393        0x1 
 .rodata        0x0000000040002394      0x622 build/src/briey_main.o
 *fill*         0x00000000400029b6        0x2 
 .rodata        0x00000000400029b8      0x14b build/src/present.o
 *fill*         0x0000000040002b03        0x1 
 .rodata        0x0000000040002b04      0x249 build/src/aes.o
 *fill*         0x0000000040002d4d        0x3 
 .rodata        0x0000000040002d50       0x7f build/src/print_functions.o
 *(.gnu.linkonce.r.*)

.rela.dyn       0x0000000040002dd0        0x0
 .rela.text     0x0000000040002dd0        0x0 build/src/prince.o

.ctors          0x0000000040002dcf        0x1
                0x0000000040002dd0                . = ALIGN (0x4)
 *fill*         0x0000000040002dcf        0x1 
                0x0000000040002dd0                _ctors_start = .
 *(.init_array*)
 *(SORT_BY_NAME(.ctors.*))
 *(.ctors)
                0x0000000040002dd0                . = ALIGN (0x4)
                0x0000000040002dd0                _ctors_end = .

.data           0x0000000040002dd0        0x0
 *(.rdata)
 *(.rodata .rodata.*)
 *(.gnu.linkonce.r.*)
 *(.data .data.*)
 .data          0x0000000040002dd0        0x0 build/src/prince.o
 .data          0x0000000040002dd0        0x0 build/src/briey_main.o
 .data          0x0000000040002dd0        0x0 build/src/present.o
 .data          0x0000000040002dd0        0x0 build/src/aes.o
 .data          0x0000000040002dd0        0x0 build/src/print_functions.o
 .data          0x0000000040002dd0        0x0 build/src/briey_crt.o
 *(.gnu.linkonce.d.*)
                0x0000000040002dd0                . = ALIGN (0x8)
                0x00000000400035d0                PROVIDE (__global_pointer$ = (. + 0x800))
 *(.sdata .sdata.*)
 *(.gnu.linkonce.s.*)
                0x0000000040002dd0                . = ALIGN (0x8)
 *(.srodata.cst16)
 *(.srodata.cst8)
 *(.srodata.cst4)
 *(.srodata.cst2)
 *(.srodata .srodata.*)

.bss            0x0000000040002dd0        0x0
                0x0000000040002dd0                . = ALIGN (0x4)
                0x0000000040002dd0                _bss_start = .
 *(.sbss*)
 *(.gnu.linkonce.sb.*)
 *(.bss .bss.*)
 .bss           0x0000000040002dd0        0x0 build/src/prince.o
 .bss           0x0000000040002dd0        0x0 build/src/briey_main.o
 .bss           0x0000000040002dd0        0x0 build/src/present.o
 .bss           0x0000000040002dd0        0x0 build/src/aes.o
 .bss           0x0000000040002dd0        0x0 build/src/print_functions.o
 .bss           0x0000000040002dd0        0x0 build/src/briey_crt.o
 *(.gnu.linkonce.b.*)
 *(COMMON)
                0x0000000040002dd0                . = ALIGN (0x4)
                0x0000000040002dd0                _bss_end = .

.noinit         0x0000000040002dd0        0x0
                0x0000000040002dd0                . = ALIGN (0x4)
 *(.noinit .noinit.*)
                0x0000000040002dd0                . = ALIGN (0x4)

._user_heap     0x0000000040002dd0        0x0
                0x0000000040002dd0                . = ALIGN (0x8)
                [!provide]                        PROVIDE (end = .)
                [!provide]                        PROVIDE (_end = .)
                [!provide]                        PROVIDE (_heap_start = .)
                0x0000000040002dd0                . = (. + _heap_size)
                0x0000000040002dd0                . = ALIGN (0x8)
                [!provide]                        PROVIDE (_heap_end = .)

._stack         0x000000008000013c      0x804
                0x0000000080000140                . = ALIGN (0x10)
 *fill*         0x000000008000013c        0x4 
                [!provide]                        PROVIDE (_stack_end = .)
                0x0000000080000940                . = (. + _stack_size)
 *fill*         0x0000000080000140      0x800 
                0x0000000080000940                . = ALIGN (0x10)
                0x0000000080000940                PROVIDE (_stack_start = .)
OUTPUT(build/briey.elf elf32-littleriscv)

.debug_info     0x0000000000000000     0x21ad
 .debug_info    0x0000000000000000      0x671 build/src/prince.o
 .debug_info    0x0000000000000671      0x674 build/src/briey_main.o
 .debug_info    0x0000000000000ce5      0x67e build/src/present.o
 .debug_info    0x0000000000001363      0x73a build/src/aes.o
 .debug_info    0x0000000000001a9d      0x6ea build/src/print_functions.o
 .debug_info    0x0000000000002187       0x26 build/src/briey_crt.o

.debug_abbrev   0x0000000000000000      0x899
 .debug_abbrev  0x0000000000000000      0x1d7 build/src/prince.o
 .debug_abbrev  0x00000000000001d7      0x190 build/src/briey_main.o
 .debug_abbrev  0x0000000000000367      0x1d7 build/src/present.o
 .debug_abbrev  0x000000000000053e      0x1d7 build/src/aes.o
 .debug_abbrev  0x0000000000000715      0x170 build/src/print_functions.o
 .debug_abbrev  0x0000000000000885       0x14 build/src/briey_crt.o

.debug_aranges  0x0000000000000000       0xc0
 .debug_aranges
                0x0000000000000000       0x20 build/src/prince.o
 .debug_aranges
                0x0000000000000020       0x20 build/src/briey_main.o
 .debug_aranges
                0x0000000000000040       0x20 build/src/present.o
 .debug_aranges
                0x0000000000000060       0x20 build/src/aes.o
 .debug_aranges
                0x0000000000000080       0x20 build/src/print_functions.o
 .debug_aranges
                0x00000000000000a0       0x20 build/src/briey_crt.o

.debug_macro    0x0000000000000000     0x202c
 .debug_macro   0x0000000000000000       0xc9 build/src/prince.o
 .debug_macro   0x00000000000000c9      0x766 build/src/prince.o
 .debug_macro   0x000000000000082f       0x22 build/src/prince.o
 .debug_macro   0x0000000000000851       0x8e build/src/prince.o
 .debug_macro   0x00000000000008df       0x51 build/src/prince.o
 .debug_macro   0x0000000000000930      0x103 build/src/prince.o
 .debug_macro   0x0000000000000a33       0x6a build/src/prince.o
 .debug_macro   0x0000000000000a9d      0x1df build/src/prince.o
 .debug_macro   0x0000000000000c7c       0x3a build/src/prince.o
 .debug_macro   0x0000000000000cb6       0x6a build/src/prince.o
 .debug_macro   0x0000000000000d20       0x34 build/src/prince.o
 .debug_macro   0x0000000000000d54       0x5e build/src/prince.o
 .debug_macro   0x0000000000000db2      0x24c build/src/briey_main.o
 .debug_macro   0x0000000000000ffe       0x52 build/src/briey_main.o
 .debug_macro   0x0000000000001050       0x19 build/src/briey_main.o
 .debug_macro   0x0000000000001069       0x94 build/src/briey_main.o
 .debug_macro   0x00000000000010fd       0x34 build/src/briey_main.o
 .debug_macro   0x0000000000001131       0x34 build/src/briey_main.o
 .debug_macro   0x0000000000001165       0x16 build/src/briey_main.o
 .debug_macro   0x000000000000117b       0x57 build/src/briey_main.o
 .debug_macro   0x00000000000011d2       0x97 build/src/briey_main.o
 .debug_macro   0x0000000000001269      0x341 build/src/briey_main.o
 .debug_macro   0x00000000000015aa       0xfd build/src/briey_main.o
 .debug_macro   0x00000000000016a7       0x10 build/src/briey_main.o
 .debug_macro   0x00000000000016b7       0x16 build/src/briey_main.o
 .debug_macro   0x00000000000016cd       0x43 build/src/briey_main.o
 .debug_macro   0x0000000000001710       0x34 build/src/briey_main.o
 .debug_macro   0x0000000000001744       0x10 build/src/briey_main.o
 .debug_macro   0x0000000000001754       0x52 build/src/briey_main.o
 .debug_macro   0x00000000000017a6      0x182 build/src/briey_main.o
 .debug_macro   0x0000000000001928       0x10 build/src/briey_main.o
 .debug_macro   0x0000000000001938       0x1c build/src/briey_main.o
 .debug_macro   0x0000000000001954       0x52 build/src/briey_main.o
 .debug_macro   0x00000000000019a6       0x22 build/src/briey_main.o
 .debug_macro   0x00000000000019c8       0x10 build/src/briey_main.o
 .debug_macro   0x00000000000019d8       0x52 build/src/briey_main.o
 .debug_macro   0x0000000000001a2a       0xd5 build/src/briey_main.o
 .debug_macro   0x0000000000001aff       0x1c build/src/briey_main.o
 .debug_macro   0x0000000000001b1b       0x3d build/src/briey_main.o
 .debug_macro   0x0000000000001b58       0x16 build/src/briey_main.o
 .debug_macro   0x0000000000001b6e      0x16f build/src/briey_main.o
 .debug_macro   0x0000000000001cdd       0x16 build/src/briey_main.o
 .debug_macro   0x0000000000001cf3       0x35 build/src/briey_main.o
 .debug_macro   0x0000000000001d28       0x16 build/src/briey_main.o
 .debug_macro   0x0000000000001d3e       0x29 build/src/briey_main.o
 .debug_macro   0x0000000000001d67       0xc9 build/src/present.o
 .debug_macro   0x0000000000001e30       0x6a build/src/present.o
 .debug_macro   0x0000000000001e9a       0xc9 build/src/aes.o
 .debug_macro   0x0000000000001f63       0xc9 build/src/print_functions.o

.debug_line     0x0000000000000000     0x2429
 .debug_line    0x0000000000000000      0x52e build/src/prince.o
 .debug_line    0x000000000000052e      0x904 build/src/briey_main.o
 .debug_line    0x0000000000000e32      0x555 build/src/present.o
 .debug_line    0x0000000000001387      0x7a1 build/src/aes.o
 .debug_line    0x0000000000001b28      0x72b build/src/print_functions.o
 .debug_line    0x0000000000002253      0x1d6 build/src/briey_crt.o

.debug_str      0x0000000000000000     0x78e7
 .debug_str     0x0000000000000000     0x3bac build/src/prince.o
                                       0x3d25 (size before relaxing)
 .debug_str     0x0000000000003bac     0x3b1a build/src/briey_main.o
                                       0x7828 (size before relaxing)
 .debug_str     0x00000000000076c6      0x165 build/src/present.o
                                       0x3ddd (size before relaxing)
 .debug_str     0x000000000000782b       0x3c build/src/aes.o
                                       0x3d3a (size before relaxing)
 .debug_str     0x0000000000007867       0x3f build/src/print_functions.o
                                       0x3da0 (size before relaxing)
 .debug_str     0x00000000000078a6       0x41 build/src/briey_crt.o

.comment        0x0000000000000000       0x30
 .comment       0x0000000000000000       0x30 build/src/prince.o
                                         0x31 (size before relaxing)
 .comment       0x0000000000000030       0x31 build/src/briey_main.o
 .comment       0x0000000000000030       0x31 build/src/present.o
 .comment       0x0000000000000030       0x31 build/src/aes.o
 .comment       0x0000000000000030       0x31 build/src/print_functions.o

.riscv.attributes
                0x0000000000000000       0x25
 .riscv.attributes
                0x0000000000000000       0x21 build/src/prince.o
 .riscv.attributes
                0x0000000000000021       0x21 build/src/briey_main.o
 .riscv.attributes
                0x0000000000000042       0x21 build/src/present.o
 .riscv.attributes
                0x0000000000000063       0x21 build/src/aes.o
 .riscv.attributes
                0x0000000000000084       0x21 build/src/print_functions.o
 .riscv.attributes
                0x00000000000000a5       0x23 build/src/briey_crt.o

.debug_frame    0x0000000000000000      0xa70
 .debug_frame   0x0000000000000000      0x1f4 build/src/prince.o
 .debug_frame   0x00000000000001f4      0x1d0 build/src/briey_main.o
 .debug_frame   0x00000000000003c4      0x1f4 build/src/present.o
 .debug_frame   0x00000000000005b8      0x220 build/src/aes.o
 .debug_frame   0x00000000000007d8      0x298 build/src/print_functions.o
